Webhook server running on port 9000
Already up to date.
#0 building with "default" instance using docker driver

#1 [backend internal] load build definition from Dockerfile
#1 transferring dockerfile: 319B done
#1 DONE 0.0s

#2 [backend internal] load metadata for docker.io/library/eclipse-temurin:17-jre
#2 DONE 0.1s

#3 [backend internal] load metadata for docker.io/library/maven:3.9.9-eclipse-temurin-17
#3 DONE 0.2s

#4 [backend internal] load .dockerignore
#4 transferring context: 2B done
#4 DONE 0.0s

#5 [backend build 1/5] FROM docker.io/library/maven:3.9.9-eclipse-temurin-17@sha256:f58d59b6273e785ac0a4477f6e9b5ba1d7731c75b906c0f7b34076f1851318cc
#5 resolve docker.io/library/maven:3.9.9-eclipse-temurin-17@sha256:f58d59b6273e785ac0a4477f6e9b5ba1d7731c75b906c0f7b34076f1851318cc 0.0s done
#5 DONE 0.0s

#6 [backend stage-1 1/3] FROM docker.io/library/eclipse-temurin:17-jre@sha256:0d79988c68791ce864fe39d149ab1dc84f680539dca77ee7f6f3b041ad7f2f43
#6 resolve docker.io/library/eclipse-temurin:17-jre@sha256:0d79988c68791ce864fe39d149ab1dc84f680539dca77ee7f6f3b041ad7f2f43 0.0s done
#6 DONE 0.0s

#7 [backend internal] load build context
#7 transferring context: 1.67kB done
#7 DONE 0.0s

#8 [backend build 2/5] WORKDIR /app
#8 CACHED

#9 [backend stage-1 2/3] WORKDIR /app
#9 CACHED

#10 [backend build 3/5] COPY pom.xml .
#10 CACHED

#11 [backend build 4/5] COPY src ./src
#11 CACHED

#12 [backend build 5/5] RUN mvn clean package -DskipTests
#12 CACHED

#13 [backend stage-1 3/3] COPY --from=build /app/target/backend-0.0.1-SNAPSHOT.jar app.jar
#13 CACHED

#14 [backend] exporting to image
#14 exporting layers done
#14 exporting manifest sha256:7dc2c42dc37c33ab9afff08167bfebe2a597110afeb984e18d6541825a375926 done
#14 exporting config sha256:5fa723fb87c7975de42f5a71ca401da18089fcb00650e5316326e0f8fcd28855 done
#14 exporting attestation manifest sha256:8d4eb6b9eb67b00f9c08132ba22b9c1744ba28c20a7c34be8a50f0e8307a3c73
#14 exporting attestation manifest sha256:8d4eb6b9eb67b00f9c08132ba22b9c1744ba28c20a7c34be8a50f0e8307a3c73 0.0s done
#14 exporting manifest list sha256:6c28e9ed3e19ec0362404a8963e5fd89f64d623fb4005d57d55188561717a22a 0.0s done
#14 naming to docker.io/library/hotel-management-system-backend:latest done
#14 unpacking to docker.io/library/hotel-management-system-backend:latest done
#14 DONE 0.1s

#15 [backend] resolving provenance for metadata file
#15 DONE 0.0s

#16 [frontend internal] load build definition from Dockerfile
#16 transferring dockerfile: 307B done
#16 DONE 0.0s

#17 [frontend internal] load metadata for docker.io/library/nginx:alpine
#17 DONE 0.1s

#18 [frontend internal] load metadata for docker.io/library/node:22-alpine
#18 DONE 0.1s

#19 [frontend internal] load .dockerignore
#19 transferring context: 2B done
#19 DONE 0.0s

#20 [frontend internal] load build context
#20 transferring context: 719B done
#20 DONE 0.0s

#21 [frontend build 1/6] FROM docker.io/library/node:22-alpine@sha256:968df39aedcea65eeb078fb336ed7191baf48f972b4479711397108be0966920
#21 resolve docker.io/library/node:22-alpine@sha256:968df39aedcea65eeb078fb336ed7191baf48f972b4479711397108be0966920 0.0s done
#21 DONE 0.0s

#22 [frontend stage-1 1/3] FROM docker.io/library/nginx:alpine@sha256:8b1e78743a03dbb2c95171cc58639fef29abc8816598e27fb910ed2e621e589a
#22 resolve docker.io/library/nginx:alpine@sha256:8b1e78743a03dbb2c95171cc58639fef29abc8816598e27fb910ed2e621e589a 0.0s done
#22 DONE 0.0s

#23 [frontend build 5/6] COPY . .
#23 CACHED

#24 [frontend build 4/6] RUN npm install
#24 CACHED

#25 [frontend build 6/6] RUN npm run build
#25 CACHED

#26 [frontend stage-1 2/3] COPY --from=build /app/dist /usr/share/nginx/html
#26 CACHED

#27 [frontend build 3/6] COPY package*.json ./
#27 CACHED

#28 [frontend build 2/6] WORKDIR /app
#28 CACHED

#29 [frontend stage-1 3/3] COPY nginx.conf /etc/nginx/conf.d/default.conf
#29 CACHED

#30 [frontend] exporting to image
#30 exporting layers done
#30 exporting manifest sha256:c2fd1d9e2f30f0750d19441b7ba9773e7a8933fd236ce6ca0801b9af0223769e done
#30 exporting config sha256:bf06b98fd448735fc72207b50d20c45c38f917aeb3fe514db88c449281acb5da done
#30 exporting attestation manifest sha256:2cc4e6f8d2b176893659ce6e951aba19f55bfb83ed8929d821709d4858af6a78
#30 exporting attestation manifest sha256:2cc4e6f8d2b176893659ce6e951aba19f55bfb83ed8929d821709d4858af6a78 0.0s done
#30 exporting manifest list sha256:164a2a93f9f067d060fa0466298870e9421504c01f8b7a45f38975305b372d59 0.0s done
#30 naming to docker.io/library/hotel-management-system-frontend:latest done
#30 unpacking to docker.io/library/hotel-management-system-frontend:latest 0.0s done
#30 DONE 0.1s

#31 [frontend] resolving provenance for metadata file
#31 DONE 0.0s
Total reclaimed space: 0B

Updating a3bf02a..6282ec8
Fast-forward
#0 building with "default" instance using docker driver

#1 [backend internal] load build definition from Dockerfile
#1 transferring dockerfile: 319B done
#1 DONE 0.0s

#2 [backend internal] load metadata for docker.io/library/eclipse-temurin:17-jre
#2 DONE 0.1s

#3 [backend internal] load metadata for docker.io/library/maven:3.9.9-eclipse-temurin-17
#3 DONE 0.1s

#4 [backend internal] load .dockerignore
#4 transferring context: 2B done
#4 DONE 0.0s

#5 [backend build 1/5] FROM docker.io/library/maven:3.9.9-eclipse-temurin-17@sha256:f58d59b6273e785ac0a4477f6e9b5ba1d7731c75b906c0f7b34076f1851318cc
#5 resolve docker.io/library/maven:3.9.9-eclipse-temurin-17@sha256:f58d59b6273e785ac0a4477f6e9b5ba1d7731c75b906c0f7b34076f1851318cc 0.0s done
#5 DONE 0.0s

#6 [backend stage-1 1/3] FROM docker.io/library/eclipse-temurin:17-jre@sha256:0d79988c68791ce864fe39d149ab1dc84f680539dca77ee7f6f3b041ad7f2f43
#6 resolve docker.io/library/eclipse-temurin:17-jre@sha256:0d79988c68791ce864fe39d149ab1dc84f680539dca77ee7f6f3b041ad7f2f43 0.0s done
#6 DONE 0.0s

#7 [backend internal] load build context
#7 transferring context: 1.67kB done
#7 DONE 0.0s

#8 [backend build 3/5] COPY pom.xml .
#8 CACHED

#9 [backend build 5/5] RUN mvn clean package -DskipTests
#9 CACHED

#10 [backend build 2/5] WORKDIR /app
#10 CACHED

#11 [backend stage-1 2/3] WORKDIR /app
#11 CACHED

#12 [backend build 4/5] COPY src ./src
#12 CACHED

#13 [backend stage-1 3/3] COPY --from=build /app/target/backend-0.0.1-SNAPSHOT.jar app.jar
#13 CACHED

#14 [backend] exporting to image
#14 exporting layers done
#14 exporting manifest sha256:7dc2c42dc37c33ab9afff08167bfebe2a597110afeb984e18d6541825a375926 done
#14 exporting config sha256:5fa723fb87c7975de42f5a71ca401da18089fcb00650e5316326e0f8fcd28855 done
#14 exporting attestation manifest sha256:57027dfbb941e9fa0235159a6a118e3084bf58f2bcb7482a24129d932578574a
#14 exporting attestation manifest sha256:57027dfbb941e9fa0235159a6a118e3084bf58f2bcb7482a24129d932578574a 0.0s done
#14 exporting manifest list sha256:f968cef4465f63c955717299cbf5a0a8aa63e090dfa6431b0c3e7a95f9a11f51 0.0s done
#14 naming to docker.io/library/hotel-management-system-backend:latest done
#14 unpacking to docker.io/library/hotel-management-system-backend:latest 0.0s done
#14 DONE 0.1s

#15 [backend] resolving provenance for metadata file
#15 DONE 0.0s

#16 [frontend internal] load build definition from Dockerfile
#16 transferring dockerfile: 307B done
#16 DONE 0.0s

#17 [frontend internal] load metadata for docker.io/library/node:22-alpine
#17 DONE 0.1s

#18 [frontend internal] load metadata for docker.io/library/nginx:alpine
#18 DONE 0.1s

#19 [frontend internal] load .dockerignore
#19 transferring context: 2B done
#19 DONE 0.0s

#20 [frontend internal] load build context
#20 transferring context: 719B done
#20 DONE 0.0s

#21 [frontend build 1/6] FROM docker.io/library/node:22-alpine@sha256:968df39aedcea65eeb078fb336ed7191baf48f972b4479711397108be0966920
#21 resolve docker.io/library/node:22-alpine@sha256:968df39aedcea65eeb078fb336ed7191baf48f972b4479711397108be0966920 0.0s done
#21 DONE 0.0s

#22 [frontend stage-1 1/3] FROM docker.io/library/nginx:alpine@sha256:8b1e78743a03dbb2c95171cc58639fef29abc8816598e27fb910ed2e621e589a
#22 resolve docker.io/library/nginx:alpine@sha256:8b1e78743a03dbb2c95171cc58639fef29abc8816598e27fb910ed2e621e589a 0.0s done
#22 DONE 0.0s

#23 [frontend build 3/6] COPY package*.json ./
#23 CACHED

#24 [frontend build 4/6] RUN npm install
#24 CACHED

#25 [frontend build 6/6] RUN npm run build
#25 CACHED

#26 [frontend stage-1 2/3] COPY --from=build /app/dist /usr/share/nginx/html
#26 CACHED

#27 [frontend build 5/6] COPY . .
#27 CACHED

#28 [frontend build 2/6] WORKDIR /app
#28 CACHED

#29 [frontend stage-1 3/3] COPY nginx.conf /etc/nginx/conf.d/default.conf
#29 CACHED

#30 [frontend] exporting to image
#30 exporting layers done
#30 exporting manifest sha256:c2fd1d9e2f30f0750d19441b7ba9773e7a8933fd236ce6ca0801b9af0223769e done
#30 exporting config sha256:bf06b98fd448735fc72207b50d20c45c38f917aeb3fe514db88c449281acb5da done
#30 exporting attestation manifest sha256:9f4fa4a56a712ca91f13edf9305897baa9dc40e60ae366fdc2be8538ea1694df 0.0s done
#30 exporting manifest list sha256:3087f4919fee6ca0b03fea4747be14e63b47da93e5e60e32bb127fe4d402991b
#30 exporting manifest list sha256:3087f4919fee6ca0b03fea4747be14e63b47da93e5e60e32bb127fe4d402991b 0.0s done
#30 naming to docker.io/library/hotel-management-system-frontend:latest done
#30 unpacking to docker.io/library/hotel-management-system-frontend:latest 0.0s done
#30 DONE 0.1s

#31 [frontend] resolving provenance for metadata file
#31 DONE 0.0s
Total reclaimed space: 0B

